#-----------------------------------------------------------
# Vivado v2019.1 (64-bit)
# SW Build 2552052 on Fri May 24 14:49:42 MDT 2019
# IP Build 2548770 on Fri May 24 18:01:18 MDT 2019
# Start of session at: Wed Sep 14 02:10:22 2022
# Process ID: 18856
# Current directory: C:/Users/Damien/Downloads/Lab1_MON_A0223892Y/Lab1_MON_A0223892Y/ProjectOne.xpr/ProjectOne
# Command line: vivado.exe -gui_launcher_event rodinguilauncherevent7268 C:\Users\Damien\Downloads\Lab1_MON_A0223892Y\Lab1_MON_A0223892Y\ProjectOne.xpr\ProjectOne\ProjectOne.xpr
# Log file: C:/Users/Damien/Downloads/Lab1_MON_A0223892Y/Lab1_MON_A0223892Y/ProjectOne.xpr/ProjectOne/vivado.log
# Journal file: C:/Users/Damien/Downloads/Lab1_MON_A0223892Y/Lab1_MON_A0223892Y/ProjectOne.xpr/ProjectOne\vivado.jou
#-----------------------------------------------------------
start_gui
open_project C:/Users/Damien/Downloads/Lab1_MON_A0223892Y/Lab1_MON_A0223892Y/ProjectOne.xpr/ProjectOne/ProjectOne.xpr
update_compile_order -fileset sources_1
