#-----------------------------------------------------------
# Vivado v2019.1 (64-bit)
# SW Build 2552052 on Fri May 24 14:49:42 MDT 2019
# IP Build 2548770 on Fri May 24 18:01:18 MDT 2019
# Start of session at: Mon Sep 19 16:26:39 2022
# Process ID: 2628
# Current directory: C:/Users/Damien/Downloads/Y3S1/CG3207/Lab/Lab1_MON_A0223892Y/Lab1_MON_A0223892Y/ProjectOne.xpr/ProjectOne
# Command line: vivado.exe -gui_launcher_event rodinguilauncherevent12700 C:\Users\Damien\Downloads\Y3S1\CG3207\Lab\Lab1_MON_A0223892Y\Lab1_MON_A0223892Y\ProjectOne.xpr\ProjectOne\ProjectOne.xpr
# Log file: C:/Users/Damien/Downloads/Y3S1/CG3207/Lab/Lab1_MON_A0223892Y/Lab1_MON_A0223892Y/ProjectOne.xpr/ProjectOne/vivado.log
# Journal file: C:/Users/Damien/Downloads/Y3S1/CG3207/Lab/Lab1_MON_A0223892Y/Lab1_MON_A0223892Y/ProjectOne.xpr/ProjectOne\vivado.jou
#-----------------------------------------------------------
start_gui
open_project C:/Users/Damien/Downloads/Y3S1/CG3207/Lab/Lab1_MON_A0223892Y/Lab1_MON_A0223892Y/ProjectOne.xpr/ProjectOne/ProjectOne.xpr
update_compile_order -fileset sources_1
